// Jest Snapshot v1, https://goo.gl/fbAQLP

exports[`renders homepage unchanged 1`] = `
<div>
  <a
    href="https://google.com"
  >
    3
  </a>
</div>
`;
